Original DF shape: (21, 5)

--- Cleaning Report ---
{'steps_executed': ['remove_duplicates', 'standardize_missing', 'handle_missing_values', 'detect_outliers', 'round_floats'], 'metadata': {'missing_stats': {'id': np.float64(0.0), 'category': np.float64(5.0), 'value': np.float64(5.0), 'date': np.float64(0.0), 'mixed': np.float64(0.0)}, 'cardinality': {'id': 20, 'category': 3, 'value': 12, 'date': 20, 'mixed': 20}, 'skewness': {'id': 0.0, 'value': 4.35}, 'relationships': {'id': {'id': 1.0, 'value': -0.03}, 'value': {'id': -0.03, 'value': 1.0}}, 'column_types': {'id': 'numeric', 'category': 'categorical', 'value': 'numeric', 'date': 'datetime', 'mixed': 'categorical'}, 'outliers_detected': {'value': 1}}, 'cleaning_summary': {'duplicates_removed': 1, 'imputation_details': {'id': {'missing_percent': 0, 'strategy': 'none'}, 'category': {'missing_percent': np.float64(5.0), 'strategy': "mode_imputation ('A')", 'warning': None}, 'value': {'missing_percent': np.float64(5.0), 'strategy': 'median_imputation', 'warning': None}, 'date': {'missing_percent': 0, 'strategy': 'none'}, 'mixed': {'missing_percent': 0, 'strategy': 'none'}}, 'columns_excluded': [], 'columns_dropped': []}, 'summary': {'original_rows': 21, 'final_rows': 20, 'final_columns': 5}}

--- Metadata ---
{'missing_stats': {'id': np.float64(0.0), 'category': np.float64(5.0), 'value': np.float64(5.0), 'date': np.float64(0.0), 'mixed': np.float64(0.0)}, 'cardinality': {'id': 20, 'category': 3, 'value': 12, 'date': 20, 'mixed': 20}, 'skewness': {'id': 0.0, 'value': 4.35}, 'relationships': {'id': {'id': 1.0, 'value': -0.03}, 'value': {'id': -0.03, 'value': 1.0}}, 'column_types': {'id': 'numeric', 'category': 'categorical', 'value': 'numeric', 'date': 'datetime', 'mixed': 'categorical'}, 'outliers_detected': {'value': 1}}

--- Summary ---
{'total_rows': 20, 'id_sum': 210.0, 'id_mean': 10.5, 'id_max': 20.0, 'id_min': 1.0, 'value_sum': 1362.9023, 'value_mean': 68.1451, 'value_max': 1000.0, 'value_min': 10.0}

--- Recommended Charts ---
Type: line, Title: Trend of id over time
Type: line, Title: Trend of value over time
Type: bar, Title: Total id by category
Type: bar, Title: Total value by category
Type: scatter, Title: id vs value
Type: histogram, Title: Distribution of id
Type: histogram, Title: Distribution of value
Type: bar, Title: Count of category
Type: bar, Title: Count of mixed

--- Data Sample (Value column) ---
10.1234
20.6789
10.1
20.0
20.2
